0_gene_0	species_0
0_gene_1	species_0
0_gene_10	species_0
0_gene_14	species_0
0_gene_16	species_0
0_gene_17	species_0
0_gene_2	species_0
0_gene_21	species_0
0_gene_23	species_0
0_gene_3	species_0
0_gene_4	species_0
0_gene_5	species_0
0_gene_7	species_0
0_gene_8	species_0
0_gene_9	species_0
10_gene_0	species_10
10_gene_1	species_10
10_gene_10	species_10
10_gene_11	species_10
10_gene_12	species_10
10_gene_2	species_10
10_gene_3	species_10
10_gene_5	species_10
10_gene_6	species_10
10_gene_7	species_10
10_gene_8	species_10
10_gene_9	species_10
1_gene_0	species_1
1_gene_1	species_1
1_gene_2	species_1
1_gene_3	species_1
1_gene_4	species_1
1_gene_5	species_1
1_gene_6	species_1
1_gene_7	species_1
2_gene_0	species_2
2_gene_1	species_2
2_gene_2	species_2
2_gene_3	species_2
2_gene_4	species_2
2_gene_5	species_2
2_gene_6	species_2
3_gene_0	species_3
3_gene_1	species_3
3_gene_2	species_3
3_gene_3	species_3
3_gene_4	species_3
3_gene_5	species_3
3_gene_6	species_3
4_gene_0	species_4
4_gene_1	species_4
4_gene_2	species_4
4_gene_3	species_4
4_gene_4	species_4
4_gene_5	species_4
4_gene_6	species_4
5_gene_0	species_5
5_gene_1	species_5
5_gene_2	species_5
5_gene_3	species_5
5_gene_4	species_5
5_gene_5	species_5
5_gene_6	species_5
6_gene_0	species_6
6_gene_1	species_6
6_gene_2	species_6
6_gene_3	species_6
6_gene_4	species_6
6_gene_5	species_6
6_gene_6	species_6
7_gene_0	species_7
7_gene_1	species_7
7_gene_2	species_7
7_gene_3	species_7
7_gene_4	species_7
7_gene_5	species_7
7_gene_6	species_7
7_gene_7	species_7
8_gene_0	species_8
8_gene_1	species_8
8_gene_10	species_8
8_gene_11	species_8
8_gene_12	species_8
8_gene_2	species_8
8_gene_3	species_8
8_gene_5	species_8
8_gene_6	species_8
8_gene_7	species_8
8_gene_8	species_8
8_gene_9	species_8
9_gene_0	species_9
9_gene_1	species_9
9_gene_10	species_9
9_gene_2	species_9
9_gene_3	species_9
9_gene_5	species_9
9_gene_6	species_9
9_gene_7	species_9
9_gene_8	species_9
9_gene_9	species_9
